// Jest Snapshot v1, https://goo.gl/fbAQLP

exports[`<Dice /> renders as expected 1`] = `
<div>
  <div
    class="face"
  >
    <span
      class="pip"
    />
    <span
      class="pip"
    />
    <span
      class="pip"
    />
    <span
      class="pip"
    />
    <span
      class="pip"
    />
    <span
      class="pip"
    />
  </div>
</div>
`;
